#                                                                                           --- full sequence --- -------------- this domain -------------   hmm coord   ali coord   env coord
# target name                       accession   tlen query name           accession   qlen   E-value  score  bias   #  of  c-Evalue  i-Evalue  score  bias  from    to  from    to  from    to  acc description of target
#               ------------------- ---------- ----- -------------------- ---------- ----- --------- ------ ----- --- --- --------- --------- ------ ----- ----- ----- ----- ----- ----- ----- ---- ---------------------
NODE_1332_length_295_cov_0.674312_1 -             97 2325at91347          -            955   3.4e-36  120.1   0.0   1   1   4.5e-39   3.6e-36  120.0   0.0   635   717     1    95     1    97 0.85 # 3 # 293 # -1 # ID=433_1;partial=11;start_type=Edge;rbs_motif=None;rbs_spacer=None;gc_cont=0.529
#
# Program:         hmmsearch
# Version:         3.1b2 (February 2015)
# Pipeline mode:   SEARCH
# Query file:      /Users/2021jh002/Documents/github/baargin/work/ea/5e9a9729a61430caa06cd9def45264/busco_downloads/lineages/enterobacterales_odb10/hmms/2325at91347.hmm
# Target file:     /Users/2021jh002/Documents/github/baargin/work/ea/5e9a9729a61430caa06cd9def45264/busco_deconta/prodigal_output/predicted_genes/predicted.faa
# Option settings: hmmsearch --domtblout /Users/2021jh002/Documents/github/baargin/work/ea/5e9a9729a61430caa06cd9def45264/busco_deconta/run_enterobacterales_odb10/hmmer_output/2325at91347.out --cpu 1 /Users/2021jh002/Documents/github/baargin/work/ea/5e9a9729a61430caa06cd9def45264/busco_downloads/lineages/enterobacterales_odb10/hmms/2325at91347.hmm /Users/2021jh002/Documents/github/baargin/work/ea/5e9a9729a61430caa06cd9def45264/busco_deconta/prodigal_output/predicted_genes/predicted.faa 
# Current dir:     /Users/2021jh002/Documents/github/baargin/work/ea/5e9a9729a61430caa06cd9def45264
# Date:            Wed Jul 19 14:28:48 2023
# [ok]
