#                                                                                          --- full sequence --- -------------- this domain -------------   hmm coord   ali coord   env coord
# target name                      accession   tlen query name           accession   qlen   E-value  score  bias   #  of  c-Evalue  i-Evalue  score  bias  from    to  from    to  from    to  acc description of target
#              ------------------- ---------- ----- -------------------- ---------- ----- --------- ------ ----- --- --- --------- --------- ------ ----- ----- ----- ----- ----- ----- ----- ---- ---------------------
NODE_630_length_384_cov_0.951140_1 -            128 67463at91347         -            204    0.0072   11.6   0.0   1   1   1.3e-05      0.01   11.1   0.0    31    73    20    62     9    70 0.88 # 1 # 384 # 1 # ID=230_1;partial=11;start_type=Edge;rbs_motif=None;rbs_spacer=None;gc_cont=0.529
#
# Program:         hmmsearch
# Version:         3.1b2 (February 2015)
# Pipeline mode:   SEARCH
# Query file:      /Users/2021jh002/Documents/github/baargin/work/ea/5e9a9729a61430caa06cd9def45264/busco_downloads/lineages/enterobacterales_odb10/hmms/67463at91347.hmm
# Target file:     /Users/2021jh002/Documents/github/baargin/work/ea/5e9a9729a61430caa06cd9def45264/busco_deconta/prodigal_output/predicted_genes/predicted.faa
# Option settings: hmmsearch --domtblout /Users/2021jh002/Documents/github/baargin/work/ea/5e9a9729a61430caa06cd9def45264/busco_deconta/run_enterobacterales_odb10/hmmer_output/67463at91347.out --cpu 1 /Users/2021jh002/Documents/github/baargin/work/ea/5e9a9729a61430caa06cd9def45264/busco_downloads/lineages/enterobacterales_odb10/hmms/67463at91347.hmm /Users/2021jh002/Documents/github/baargin/work/ea/5e9a9729a61430caa06cd9def45264/busco_deconta/prodigal_output/predicted_genes/predicted.faa 
# Current dir:     /Users/2021jh002/Documents/github/baargin/work/ea/5e9a9729a61430caa06cd9def45264
# Date:            Wed Jul 19 14:32:32 2023
# [ok]
