#                                                                                           --- full sequence --- -------------- this domain -------------   hmm coord   ali coord   env coord
# target name                       accession   tlen query name           accession   qlen   E-value  score  bias   #  of  c-Evalue  i-Evalue  score  bias  from    to  from    to  from    to  acc description of target
#               ------------------- ---------- ----- -------------------- ---------- ----- --------- ------ ----- --- --- --------- --------- ------ ----- ----- ----- ----- ----- ----- ----- ---- ---------------------
NODE_1440_length_270_cov_1.119171_1 -             89 61409at91347         -            200   9.1e-35  112.8   0.0   1   1   8.9e-37     1e-34  112.7   0.0    77   159     1    88     1    89 0.96 # 3 # 269 # -1 # ID=78_1;partial=11;start_type=Edge;rbs_motif=None;rbs_spacer=None;gc_cont=0.498
#
# Program:         hmmsearch
# Version:         3.1b2 (February 2015)
# Pipeline mode:   SEARCH
# Query file:      /Users/2021jh002/Documents/github/baargin/work/ab/e2328ca842937f7bea74722941858a/busco_downloads/lineages/enterobacterales_odb10/hmms/61409at91347.hmm
# Target file:     /Users/2021jh002/Documents/github/baargin/work/ab/e2328ca842937f7bea74722941858a/busco_deconta/prodigal_output/predicted_genes/predicted.faa
# Option settings: hmmsearch --domtblout /Users/2021jh002/Documents/github/baargin/work/ab/e2328ca842937f7bea74722941858a/busco_deconta/run_enterobacterales_odb10/hmmer_output/61409at91347.out --cpu 1 /Users/2021jh002/Documents/github/baargin/work/ab/e2328ca842937f7bea74722941858a/busco_downloads/lineages/enterobacterales_odb10/hmms/61409at91347.hmm /Users/2021jh002/Documents/github/baargin/work/ab/e2328ca842937f7bea74722941858a/busco_deconta/prodigal_output/predicted_genes/predicted.faa 
# Current dir:     /Users/2021jh002/Documents/github/baargin/work/ab/e2328ca842937f7bea74722941858a
# Date:            Wed Jul 19 14:12:09 2023
# [ok]
