#                                                                                           --- full sequence --- -------------- this domain -------------   hmm coord   ali coord   env coord
# target name                       accession   tlen query name           accession   qlen   E-value  score  bias   #  of  c-Evalue  i-Evalue  score  bias  from    to  from    to  from    to  acc description of target
#               ------------------- ---------- ----- -------------------- ---------- ----- --------- ------ ----- --- --- --------- --------- ------ ----- ----- ----- ----- ----- ----- ----- ---- ---------------------
NODE_1164_length_313_cov_1.237288_1 -            104 10523at91347         -            514   1.2e-57  193.0   8.4   1   1   1.4e-59   1.3e-57  192.8   8.4    50   149     1   104     1   104 0.96 # 2 # 313 # -1 # ID=1164_1;partial=11;start_type=Edge;rbs_motif=None;rbs_spacer=None;gc_cont=0.494
NODE_142_length_545_cov_1.416667_1  -            150 10523at91347         -            514   4.5e-14   49.2   0.0   1   1   5.9e-16   5.5e-14   48.9   0.0   414   502    37   127    17   132 0.86 # 1 # 450 # 1 # ID=142_1;partial=10;start_type=Edge;rbs_motif=None;rbs_spacer=None;gc_cont=0.529
NODE_85_length_616_cov_1.354360_1   -            204 10523at91347         -            514   1.5e-13   47.4   0.0   1   1   2.9e-15   2.7e-13   46.6   0.0   315   497     6   196     1   201 0.83 # 3 # 614 # 1 # ID=85_1;partial=11;start_type=Edge;rbs_motif=None;rbs_spacer=None;gc_cont=0.539
NODE_20_length_871_cov_1.158690_1   -            290 10523at91347         -            514     6e-12   42.2   0.0   1   1   9.5e-14   8.8e-12   41.6   0.0   309   497     2   201     1   211 0.75 # 1 # 870 # -1 # ID=20_1;partial=11;start_type=Edge;rbs_motif=None;rbs_spacer=None;gc_cont=0.566
NODE_2714_length_232_cov_0.941935_1 -             77 10523at91347         -            514   6.5e-12   42.1   0.0   1   1   7.4e-14   6.8e-12   42.0   0.0   409   478     6    77     2    77 0.75 # 1 # 231 # -1 # ID=2714_1;partial=11;start_type=Edge;rbs_motif=None;rbs_spacer=None;gc_cont=0.558
NODE_110_length_579_cov_1.308765_1  -            193 10523at91347         -            514   1.1e-11   41.3   0.0   1   1   1.5e-13   1.4e-11   40.9   0.0   342   502     9   176     1   185 0.80 # 1 # 579 # -1 # ID=110_1;partial=11;start_type=Edge;rbs_motif=None;rbs_spacer=None;gc_cont=0.553
NODE_1221_length_307_cov_1.269565_1 -            102 10523at91347         -            514   1.4e-11   40.9   0.0   1   1   1.7e-13   1.6e-11   40.8   0.0   411   481    24    95     7   101 0.83 # 2 # 307 # 1 # ID=1221_1;partial=11;start_type=Edge;rbs_motif=None;rbs_spacer=None;gc_cont=0.556
NODE_2317_length_247_cov_0.858824_1 -             82 10523at91347         -            514     2e-11   40.5   0.0   1   1   2.2e-13     2e-11   40.5   0.0   408   453    36    81     1    82 0.80 # 2 # 247 # 1 # ID=2317_1;partial=11;start_type=Edge;rbs_motif=None;rbs_spacer=None;gc_cont=0.577
NODE_782_length_359_cov_1.035461_1  -            119 10523at91347         -            514   5.2e-11   39.1   0.0   1   1   7.4e-13   6.8e-11   38.7   0.0   354   455    11   112     6   117 0.81 # 1 # 357 # -1 # ID=782_1;partial=11;start_type=Edge;rbs_motif=None;rbs_spacer=None;gc_cont=0.543
NODE_1728_length_269_cov_0.760417_1 -             37 10523at91347         -            514   1.2e-10   37.8   0.0   1   1   1.4e-12   1.3e-10   37.7   0.0     1    31     4    37     4    37 0.95 # 3 # 113 # -1 # ID=1728_1;partial=10;start_type=ATG;rbs_motif=None;rbs_spacer=None;gc_cont=0.541
NODE_1141_length_316_cov_0.899582_2 -             70 10523at91347         -            514   2.3e-09   33.7   0.1   1   1   2.9e-11   2.7e-09   33.4   0.1   422   470    15    63    10    69 0.94 # 106 # 315 # 1 # ID=1141_2;partial=01;start_type=ATG;rbs_motif=None;rbs_spacer=None;gc_cont=0.586
NODE_2137_length_254_cov_0.824859_1 -             84 10523at91347         -            514   8.5e-09   31.8   0.0   1   1   1.1e-10     1e-08   31.6   0.0   422   462    33    73    28    82 0.87 # 1 # 252 # -1 # ID=2137_1;partial=11;start_type=Edge;rbs_motif=None;rbs_spacer=None;gc_cont=0.508
NODE_525_length_406_cov_0.887538_1  -            119 10523at91347         -            514   1.5e-08   31.0   0.0   1   1   1.7e-10   1.5e-08   30.9   0.0   419   497    31   111     9   117 0.85 # 2 # 358 # 1 # ID=525_1;partial=10;start_type=Edge;rbs_motif=None;rbs_spacer=None;gc_cont=0.560
NODE_15_length_940_cov_0.706837_1   -            209 10523at91347         -            514   2.5e-08   30.3   0.4   1   1   3.8e-10   3.5e-08   29.8   0.4   421   502   100   183    89   193 0.90 # 1 # 627 # 1 # ID=15_1;partial=10;start_type=Edge;rbs_motif=None;rbs_spacer=None;gc_cont=0.522
NODE_306_length_463_cov_0.756477_2  -            110 10523at91347         -            514   2.7e-08   30.1   0.0   1   1   3.1e-10   2.9e-08   30.0   0.0   304   376    27   102    16   110 0.79 # 133 # 462 # 1 # ID=306_2;partial=01;start_type=ATG;rbs_motif=None;rbs_spacer=None;gc_cont=0.445
NODE_94_length_601_cov_0.767176_2   -            146 10523at91347         -            514   4.3e-08   29.5   0.0   1   1   5.5e-10   5.1e-08   29.2   0.0   304   430    25   146    11   146 0.84 # 164 # 601 # 1 # ID=94_2;partial=01;start_type=ATG;rbs_motif=None;rbs_spacer=None;gc_cont=0.543
NODE_219_length_501_cov_0.773585_1  -            167 10523at91347         -            514   1.7e-07   27.5   0.0   1   1   2.4e-09   2.2e-07   27.1   0.0   422   500    37   118    34   126 0.91 # 1 # 501 # -1 # ID=219_1;partial=11;start_type=Edge;rbs_motif=None;rbs_spacer=None;gc_cont=0.527
NODE_999_length_331_cov_1.149606_1  -            110 10523at91347         -            514   2.2e-06   23.8   0.0   1   1   2.8e-08   2.6e-06   23.6   0.0   431   498     1    71     1    77 0.88 # 1 # 330 # 1 # ID=999_1;partial=11;start_type=Edge;rbs_motif=None;rbs_spacer=None;gc_cont=0.582
NODE_1686_length_270_cov_1.134715_1 -             89 10523at91347         -            514   2.5e-06   23.7   0.0   1   1   2.7e-08   2.5e-06   23.7   0.0   418   470    31    83    13    89 0.89 # 3 # 269 # -1 # ID=1686_1;partial=11;start_type=Edge;rbs_motif=None;rbs_spacer=None;gc_cont=0.547
NODE_1887_length_263_cov_1.021505_1 -             87 10523at91347         -            514   1.6e-05   21.0   0.0   1   1   1.8e-07   1.7e-05   20.9   0.0   326   397     1    73     1    86 0.85 # 3 # 263 # 1 # ID=1887_1;partial=11;start_type=Edge;rbs_motif=None;rbs_spacer=None;gc_cont=0.533
NODE_1461_length_280_cov_1.078818_1 -             93 10523at91347         -            514   1.8e-05   20.8   0.0   1   1   2.1e-07     2e-05   20.7   0.0   420   455    51    86    30    92 0.89 # 2 # 280 # -1 # ID=1461_1;partial=11;start_type=Edge;rbs_motif=None;rbs_spacer=None;gc_cont=0.527
NODE_800_length_356_cov_1.046595_1  -            118 10523at91347         -            514     2e-05   20.7   0.0   1   1   2.4e-07   2.2e-05   20.5   0.0   351   458     2   108     1   117 0.77 # 2 # 355 # 1 # ID=800_1;partial=11;start_type=Edge;rbs_motif=None;rbs_spacer=None;gc_cont=0.528
NODE_846_length_350_cov_1.106227_1  -            116 10523at91347         -            514   5.1e-05   19.3   0.0   1   1     6e-07   5.5e-05   19.2   0.0   315   387     8    81     3   105 0.82 # 3 # 350 # -1 # ID=846_1;partial=11;start_type=Edge;rbs_motif=None;rbs_spacer=None;gc_cont=0.580
NODE_149_length_541_cov_1.290948_1  -            139 10523at91347         -            514   0.00015   17.8   0.0   1   1   1.8e-06   0.00016   17.7   0.0   303   354    34    87    18   114 0.77 # 2 # 418 # -1 # ID=149_1;partial=10;start_type=GTG;rbs_motif=None;rbs_spacer=None;gc_cont=0.532
NODE_203_length_508_cov_0.986079_1  -            120 10523at91347         -            514    0.0005   16.1   0.0   1   1   6.3e-06   0.00058   15.8   0.0   431   494     2    68     1    79 0.81 # 2 # 361 # 1 # ID=203_1;partial=10;start_type=Edge;rbs_motif=None;rbs_spacer=None;gc_cont=0.575
NODE_139_length_547_cov_0.931915_1  -            182 10523at91347         -            514    0.0019   14.2   0.1   1   1   2.3e-05    0.0021   14.0   0.1   162   306     3   147     1   154 0.88 # 1 # 546 # 1 # ID=139_1;partial=11;start_type=Edge;rbs_motif=None;rbs_spacer=None;gc_cont=0.540
NODE_635_length_384_cov_0.671010_2  -             55 10523at91347         -            514    0.0021   14.0   0.0   1   1   2.5e-05    0.0023   13.9   0.0   443   489     2    50     1    54 0.86 # 218 # 382 # 1 # ID=635_2;partial=01;start_type=GTG;rbs_motif=None;rbs_spacer=None;gc_cont=0.503
NODE_2381_length_244_cov_1.311377_1 -             81 10523at91347         -            514    0.0048   12.8   0.0   1   1   5.6e-05    0.0051   12.7   0.0   450   502     3    58     1    69 0.83 # 2 # 244 # 1 # ID=2381_1;partial=11;start_type=Edge;rbs_motif=None;rbs_spacer=None;gc_cont=0.490
NODE_871_length_347_cov_1.114815_1  -             91 10523at91347         -            514    0.0048   12.8   0.0   1   1   5.2e-05    0.0048   12.8   0.0   308   356    21    72     8    91 0.70 # 73 # 345 # 1 # ID=871_1;partial=01;start_type=ATG;rbs_motif=None;rbs_spacer=None;gc_cont=0.509
NODE_279_length_472_cov_0.739241_1  -            156 10523at91347         -            514     0.011   11.6   1.6   1   2      0.16        15    1.3   0.2   239   301    15    77     9    95 0.78 # 3 # 470 # -1 # ID=279_1;partial=11;start_type=Edge;rbs_motif=None;rbs_spacer=None;gc_cont=0.560
NODE_279_length_472_cov_0.739241_1  -            156 10523at91347         -            514     0.011   11.6   1.6   2   2   0.00039     0.036    9.9   0.1   314   337   129   152    96   155 0.88 # 3 # 470 # -1 # ID=279_1;partial=11;start_type=Edge;rbs_motif=None;rbs_spacer=None;gc_cont=0.560
NODE_635_length_384_cov_0.671010_1  -             69 10523at91347         -            514     0.015   11.2   0.1   1   1   0.00021     0.019   10.8   0.1   422   436    53    67    51    68 0.93 # 2 # 208 # 1 # ID=635_1;partial=10;start_type=Edge;rbs_motif=None;rbs_spacer=None;gc_cont=0.599
NODE_2293_length_248_cov_0.853801_1 -             82 10523at91347         -            514     0.025   10.5   0.0   1   1    0.0003     0.028   10.3   0.0   441   502     6    69     3    74 0.87 # 1 # 246 # -1 # ID=2293_1;partial=11;start_type=Edge;rbs_motif=None;rbs_spacer=None;gc_cont=0.533
#
# Program:         hmmsearch
# Version:         3.1b2 (February 2015)
# Pipeline mode:   SEARCH
# Query file:      /Users/2021jh002/Documents/github/baargin/work/a5/5d8cf1f5ca3f2f5811e6c16c7e124e/busco_downloads/lineages/enterobacterales_odb10/hmms/10523at91347.hmm
# Target file:     /Users/2021jh002/Documents/github/baargin/work/a5/5d8cf1f5ca3f2f5811e6c16c7e124e/busco_raw/prodigal_output/predicted_genes/predicted.faa
# Option settings: hmmsearch --domtblout /Users/2021jh002/Documents/github/baargin/work/a5/5d8cf1f5ca3f2f5811e6c16c7e124e/busco_raw/run_enterobacterales_odb10/hmmer_output/10523at91347.out --cpu 1 /Users/2021jh002/Documents/github/baargin/work/a5/5d8cf1f5ca3f2f5811e6c16c7e124e/busco_downloads/lineages/enterobacterales_odb10/hmms/10523at91347.hmm /Users/2021jh002/Documents/github/baargin/work/a5/5d8cf1f5ca3f2f5811e6c16c7e124e/busco_raw/prodigal_output/predicted_genes/predicted.faa 
# Current dir:     /Users/2021jh002/Documents/github/baargin/work/a5/5d8cf1f5ca3f2f5811e6c16c7e124e
# Date:            Wed Jul 19 14:00:24 2023
# [ok]
