#                                                                                           --- full sequence --- -------------- this domain -------------   hmm coord   ali coord   env coord
# target name                       accession   tlen query name           accession   qlen   E-value  score  bias   #  of  c-Evalue  i-Evalue  score  bias  from    to  from    to  from    to  acc description of target
#               ------------------- ---------- ----- -------------------- ---------- ----- --------- ------ ----- --- --- --------- --------- ------ ----- ----- ----- ----- ----- ----- ----- ---- ---------------------
NODE_987_length_332_cov_1.415686_1  -            110 3039at91347          -            764   6.5e-33  111.4   0.1   1   1   5.1e-36   7.5e-33  111.1   0.1   522   609     3   105     1   109 0.88 # 2 # 331 # 1 # ID=987_1;partial=11;start_type=Edge;rbs_motif=None;rbs_spacer=None;gc_cont=0.552
NODE_2277_length_248_cov_1.128655_1 -             82 3039at91347          -            764   1.8e-25   86.8   0.0   1   1   1.5e-28   2.2e-25   86.5   0.0   614   669    22    78     1    81 0.80 # 1 # 246 # -1 # ID=2277_1;partial=11;start_type=Edge;rbs_motif=None;rbs_spacer=None;gc_cont=0.577
#
# Program:         hmmsearch
# Version:         3.1b2 (February 2015)
# Pipeline mode:   SEARCH
# Query file:      /Users/2021jh002/Documents/github/baargin/work/a5/5d8cf1f5ca3f2f5811e6c16c7e124e/busco_downloads/lineages/enterobacterales_odb10/hmms/3039at91347.hmm
# Target file:     /Users/2021jh002/Documents/github/baargin/work/a5/5d8cf1f5ca3f2f5811e6c16c7e124e/busco_raw/prodigal_output/predicted_genes/predicted.faa
# Option settings: hmmsearch --domtblout /Users/2021jh002/Documents/github/baargin/work/a5/5d8cf1f5ca3f2f5811e6c16c7e124e/busco_raw/run_enterobacterales_odb10/hmmer_output/3039at91347.out --cpu 1 /Users/2021jh002/Documents/github/baargin/work/a5/5d8cf1f5ca3f2f5811e6c16c7e124e/busco_downloads/lineages/enterobacterales_odb10/hmms/3039at91347.hmm /Users/2021jh002/Documents/github/baargin/work/a5/5d8cf1f5ca3f2f5811e6c16c7e124e/busco_raw/prodigal_output/predicted_genes/predicted.faa 
# Current dir:     /Users/2021jh002/Documents/github/baargin/work/a5/5d8cf1f5ca3f2f5811e6c16c7e124e
# Date:            Wed Jul 19 14:04:16 2023
# [ok]
