#                                                                                           --- full sequence --- -------------- this domain -------------   hmm coord   ali coord   env coord
# target name                       accession   tlen query name           accession   qlen   E-value  score  bias   #  of  c-Evalue  i-Evalue  score  bias  from    to  from    to  from    to  acc description of target
#               ------------------- ---------- ----- -------------------- ---------- ----- --------- ------ ----- --- --- --------- --------- ------ ----- ----- ----- ----- ----- ----- ----- ---- ---------------------
NODE_1417_length_285_cov_0.798077_1 -             89 35495at91347         -            238     2e-23   80.3   0.1   1   1   2.8e-26   2.1e-23   80.3   0.1   174   238    18    87     1    87 0.90 # 3 # 269 # 1 # ID=1417_1;partial=10;start_type=Edge;rbs_motif=None;rbs_spacer=None;gc_cont=0.513
NODE_849_length_350_cov_0.802198_1  -            116 35495at91347         -            238   4.6e-09   33.3   0.0   1   1   8.2e-12     6e-09   32.9   0.0     5    81     3    91     1    99 0.72 # 2 # 349 # 1 # ID=849_1;partial=11;start_type=Edge;rbs_motif=None;rbs_spacer=None;gc_cont=0.572
NODE_1042_length_326_cov_1.172691_1 -            108 35495at91347         -            238   0.00037   17.2   0.0   1   1   5.7e-07   0.00042   17.0   0.0     5    60    18    76    15   103 0.81 # 1 # 324 # 1 # ID=1042_1;partial=11;start_type=Edge;rbs_motif=None;rbs_spacer=None;gc_cont=0.586
NODE_899_length_344_cov_0.820225_1  -            114 35495at91347         -            238     0.016   11.9   0.0   1   1   2.7e-05      0.02   11.6   0.0     5    60    50   108    47   113 0.77 # 2 # 343 # 1 # ID=899_1;partial=11;start_type=Edge;rbs_motif=None;rbs_spacer=None;gc_cont=0.556
#
# Program:         hmmsearch
# Version:         3.1b2 (February 2015)
# Pipeline mode:   SEARCH
# Query file:      /Users/2021jh002/Documents/github/baargin/work/a5/5d8cf1f5ca3f2f5811e6c16c7e124e/busco_downloads/lineages/enterobacterales_odb10/hmms/35495at91347.hmm
# Target file:     /Users/2021jh002/Documents/github/baargin/work/a5/5d8cf1f5ca3f2f5811e6c16c7e124e/busco_raw/prodigal_output/predicted_genes/predicted.faa
# Option settings: hmmsearch --domtblout /Users/2021jh002/Documents/github/baargin/work/a5/5d8cf1f5ca3f2f5811e6c16c7e124e/busco_raw/run_enterobacterales_odb10/hmmer_output/35495at91347.out --cpu 1 /Users/2021jh002/Documents/github/baargin/work/a5/5d8cf1f5ca3f2f5811e6c16c7e124e/busco_downloads/lineages/enterobacterales_odb10/hmms/35495at91347.hmm /Users/2021jh002/Documents/github/baargin/work/a5/5d8cf1f5ca3f2f5811e6c16c7e124e/busco_raw/prodigal_output/predicted_genes/predicted.faa 
# Current dir:     /Users/2021jh002/Documents/github/baargin/work/a5/5d8cf1f5ca3f2f5811e6c16c7e124e
# Date:            Wed Jul 19 14:04:59 2023
# [ok]
