#                                                                                           --- full sequence --- -------------- this domain -------------   hmm coord   ali coord   env coord
# target name                       accession   tlen query name           accession   qlen   E-value  score  bias   #  of  c-Evalue  i-Evalue  score  bias  from    to  from    to  from    to  acc description of target
#               ------------------- ---------- ----- -------------------- ---------- ----- --------- ------ ----- --- --- --------- --------- ------ ----- ----- ----- ----- ----- ----- ----- ---- ---------------------
NODE_2765_length_229_cov_1.493421_1 -             76 60967at91347         -            150   4.2e-27   92.5   0.1   1   1   6.1e-30   1.8e-26   90.4   0.1    55   117     1    76     1    76 0.90 # 2 # 229 # -1 # ID=2765_1;partial=11;start_type=Edge;rbs_motif=None;rbs_spacer=None;gc_cont=0.544
#
# Program:         hmmsearch
# Version:         3.1b2 (February 2015)
# Pipeline mode:   SEARCH
# Query file:      /Users/2021jh002/Documents/github/baargin/work/a5/5d8cf1f5ca3f2f5811e6c16c7e124e/busco_downloads/lineages/enterobacterales_odb10/hmms/60967at91347.hmm
# Target file:     /Users/2021jh002/Documents/github/baargin/work/a5/5d8cf1f5ca3f2f5811e6c16c7e124e/busco_raw/prodigal_output/predicted_genes/predicted.faa
# Option settings: hmmsearch --domtblout /Users/2021jh002/Documents/github/baargin/work/a5/5d8cf1f5ca3f2f5811e6c16c7e124e/busco_raw/run_enterobacterales_odb10/hmmer_output/60967at91347.out --cpu 1 /Users/2021jh002/Documents/github/baargin/work/a5/5d8cf1f5ca3f2f5811e6c16c7e124e/busco_downloads/lineages/enterobacterales_odb10/hmms/60967at91347.hmm /Users/2021jh002/Documents/github/baargin/work/a5/5d8cf1f5ca3f2f5811e6c16c7e124e/busco_raw/prodigal_output/predicted_genes/predicted.faa 
# Current dir:     /Users/2021jh002/Documents/github/baargin/work/a5/5d8cf1f5ca3f2f5811e6c16c7e124e
# Date:            Wed Jul 19 14:08:55 2023
# [ok]
