#                                                                                           --- full sequence --- -------------- this domain -------------   hmm coord   ali coord   env coord
# target name                       accession   tlen query name           accession   qlen   E-value  score  bias   #  of  c-Evalue  i-Evalue  score  bias  from    to  from    to  from    to  acc description of target
#               ------------------- ---------- ----- -------------------- ---------- ----- --------- ------ ----- --- --- --------- --------- ------ ----- ----- ----- ----- ----- ----- ----- ---- ---------------------
NODE_355_length_449_cov_1.037634_1  -            110 67620at91347         -            204   2.9e-20   70.3   0.0   1   1   3.6e-23   3.6e-20   70.0   0.0   106   200     2   105     1   108 0.87 # 118 # 447 # -1 # ID=355_1;partial=01;start_type=Edge;rbs_motif=None;rbs_spacer=None;gc_cont=0.564
NODE_2331_length_246_cov_1.727811_1 -             82 67620at91347         -            204   5.7e-09   33.4   0.1   1   1   6.2e-12   6.1e-09   33.3   0.1    98   161     2    65     1    80 0.88 # 1 # 246 # -1 # ID=2331_1;partial=11;start_type=Edge;rbs_motif=None;rbs_spacer=None;gc_cont=0.598
NODE_568_length_395_cov_1.606918_2  -             85 67620at91347         -            204    0.0073   13.4   0.0   1   1   9.5e-06    0.0093   13.1   0.0   146   192     4    53     2    59 0.91 # 141 # 395 # -1 # ID=568_2;partial=01;start_type=Edge;rbs_motif=None;rbs_spacer=None;gc_cont=0.525
#
# Program:         hmmsearch
# Version:         3.1b2 (February 2015)
# Pipeline mode:   SEARCH
# Query file:      /Users/2021jh002/Documents/github/baargin/work/a5/5d8cf1f5ca3f2f5811e6c16c7e124e/busco_downloads/lineages/enterobacterales_odb10/hmms/67620at91347.hmm
# Target file:     /Users/2021jh002/Documents/github/baargin/work/a5/5d8cf1f5ca3f2f5811e6c16c7e124e/busco_raw/prodigal_output/predicted_genes/predicted.faa
# Option settings: hmmsearch --domtblout /Users/2021jh002/Documents/github/baargin/work/a5/5d8cf1f5ca3f2f5811e6c16c7e124e/busco_raw/run_enterobacterales_odb10/hmmer_output/67620at91347.out --cpu 1 /Users/2021jh002/Documents/github/baargin/work/a5/5d8cf1f5ca3f2f5811e6c16c7e124e/busco_downloads/lineages/enterobacterales_odb10/hmms/67620at91347.hmm /Users/2021jh002/Documents/github/baargin/work/a5/5d8cf1f5ca3f2f5811e6c16c7e124e/busco_raw/prodigal_output/predicted_genes/predicted.faa 
# Current dir:     /Users/2021jh002/Documents/github/baargin/work/a5/5d8cf1f5ca3f2f5811e6c16c7e124e
# Date:            Wed Jul 19 14:10:01 2023
# [ok]
