#                                                                                           --- full sequence --- -------------- this domain -------------   hmm coord   ali coord   env coord
# target name                       accession   tlen query name           accession   qlen   E-value  score  bias   #  of  c-Evalue  i-Evalue  score  bias  from    to  from    to  from    to  acc description of target
#               ------------------- ---------- ----- -------------------- ---------- ----- --------- ------ ----- --- --- --------- --------- ------ ----- ----- ----- ----- ----- ----- ----- ---- ---------------------
NODE_795_length_357_cov_0.907143_1  -            118 6839at91347          -            506   2.7e-64  214.9   0.1   1   1   3.2e-67   3.2e-64  214.7   0.1    44   149    13   118     6   118 0.98 # 2 # 355 # 1 # ID=795_1;partial=11;start_type=Edge;rbs_motif=None;rbs_spacer=None;gc_cont=0.551
NODE_1961_length_261_cov_0.793478_1 -             86 6839at91347          -            506   3.9e-56  188.0   1.8   1   1   4.3e-59   4.2e-56  187.9   1.8   189   274     1    86     1    86 0.99 # 2 # 259 # -1 # ID=1961_1;partial=11;start_type=Edge;rbs_motif=None;rbs_spacer=None;gc_cont=0.581
NODE_607_length_388_cov_1.344051_1  -            128 6839at91347          -            506   4.6e-52  174.6   0.0   1   1     5e-55   4.9e-52  174.5   0.0   375   481     1   121     1   128 0.92 # 3 # 386 # -1 # ID=607_1;partial=11;start_type=Edge;rbs_motif=None;rbs_spacer=None;gc_cont=0.529
#
# Program:         hmmsearch
# Version:         3.1b2 (February 2015)
# Pipeline mode:   SEARCH
# Query file:      /Users/2021jh002/Documents/github/baargin/work/a5/5d8cf1f5ca3f2f5811e6c16c7e124e/busco_downloads/lineages/enterobacterales_odb10/hmms/6839at91347.hmm
# Target file:     /Users/2021jh002/Documents/github/baargin/work/a5/5d8cf1f5ca3f2f5811e6c16c7e124e/busco_raw/prodigal_output/predicted_genes/predicted.faa
# Option settings: hmmsearch --domtblout /Users/2021jh002/Documents/github/baargin/work/a5/5d8cf1f5ca3f2f5811e6c16c7e124e/busco_raw/run_enterobacterales_odb10/hmmer_output/6839at91347.out --cpu 1 /Users/2021jh002/Documents/github/baargin/work/a5/5d8cf1f5ca3f2f5811e6c16c7e124e/busco_downloads/lineages/enterobacterales_odb10/hmms/6839at91347.hmm /Users/2021jh002/Documents/github/baargin/work/a5/5d8cf1f5ca3f2f5811e6c16c7e124e/busco_raw/prodigal_output/predicted_genes/predicted.faa 
# Current dir:     /Users/2021jh002/Documents/github/baargin/work/a5/5d8cf1f5ca3f2f5811e6c16c7e124e
# Date:            Wed Jul 19 14:10:05 2023
# [ok]
