#                                                                                           --- full sequence --- -------------- this domain -------------   hmm coord   ali coord   env coord
# target name                       accession   tlen query name           accession   qlen   E-value  score  bias   #  of  c-Evalue  i-Evalue  score  bias  from    to  from    to  from    to  acc description of target
#               ------------------- ---------- ----- -------------------- ---------- ----- --------- ------ ----- --- --- --------- --------- ------ ----- ----- ----- ----- ----- ----- ----- ---- ---------------------
NODE_1602_length_274_cov_0.741117_1 -             91 87655at91347         -            103   8.2e-28   94.2   0.1   1   1   1.9e-29   5.5e-26   88.4   0.1    28    98     2    91     1    91 0.90 # 2 # 274 # -1 # ID=1602_1;partial=11;start_type=Edge;rbs_motif=None;rbs_spacer=None;gc_cont=0.546
#
# Program:         hmmsearch
# Version:         3.1b2 (February 2015)
# Pipeline mode:   SEARCH
# Query file:      /Users/2021jh002/Documents/github/baargin/work/a5/5d8cf1f5ca3f2f5811e6c16c7e124e/busco_downloads/lineages/enterobacterales_odb10/hmms/87655at91347.hmm
# Target file:     /Users/2021jh002/Documents/github/baargin/work/a5/5d8cf1f5ca3f2f5811e6c16c7e124e/busco_raw/prodigal_output/predicted_genes/predicted.faa
# Option settings: hmmsearch --domtblout /Users/2021jh002/Documents/github/baargin/work/a5/5d8cf1f5ca3f2f5811e6c16c7e124e/busco_raw/run_enterobacterales_odb10/hmmer_output/87655at91347.out --cpu 1 /Users/2021jh002/Documents/github/baargin/work/a5/5d8cf1f5ca3f2f5811e6c16c7e124e/busco_downloads/lineages/enterobacterales_odb10/hmms/87655at91347.hmm /Users/2021jh002/Documents/github/baargin/work/a5/5d8cf1f5ca3f2f5811e6c16c7e124e/busco_raw/prodigal_output/predicted_genes/predicted.faa 
# Current dir:     /Users/2021jh002/Documents/github/baargin/work/a5/5d8cf1f5ca3f2f5811e6c16c7e124e
# Date:            Wed Jul 19 14:12:43 2023
# [ok]
