#                                                                                           --- full sequence --- -------------- this domain -------------   hmm coord   ali coord   env coord
# target name                       accession   tlen query name           accession   qlen   E-value  score  bias   #  of  c-Evalue  i-Evalue  score  bias  from    to  from    to  from    to  acc description of target
#               ------------------- ---------- ----- -------------------- ---------- ----- --------- ------ ----- --- --- --------- --------- ------ ----- ----- ----- ----- ----- ----- ----- ---- ---------------------
NODE_2498_length_240_cov_0.895706_1 -             28 87971at91347         -             89   1.4e-12   44.8   0.1   1   1     5e-16   1.5e-12   44.8   0.1     1    27     1    28     1    28 0.97 # 157 # 240 # 1 # ID=2498_1;partial=01;start_type=ATG;rbs_motif=None;rbs_spacer=None;gc_cont=0.452
#
# Program:         hmmsearch
# Version:         3.1b2 (February 2015)
# Pipeline mode:   SEARCH
# Query file:      /Users/2021jh002/Documents/github/baargin/work/a5/5d8cf1f5ca3f2f5811e6c16c7e124e/busco_downloads/lineages/enterobacterales_odb10/hmms/87971at91347.hmm
# Target file:     /Users/2021jh002/Documents/github/baargin/work/a5/5d8cf1f5ca3f2f5811e6c16c7e124e/busco_raw/prodigal_output/predicted_genes/predicted.faa
# Option settings: hmmsearch --domtblout /Users/2021jh002/Documents/github/baargin/work/a5/5d8cf1f5ca3f2f5811e6c16c7e124e/busco_raw/run_enterobacterales_odb10/hmmer_output/87971at91347.out --cpu 1 /Users/2021jh002/Documents/github/baargin/work/a5/5d8cf1f5ca3f2f5811e6c16c7e124e/busco_downloads/lineages/enterobacterales_odb10/hmms/87971at91347.hmm /Users/2021jh002/Documents/github/baargin/work/a5/5d8cf1f5ca3f2f5811e6c16c7e124e/busco_raw/prodigal_output/predicted_genes/predicted.faa 
# Current dir:     /Users/2021jh002/Documents/github/baargin/work/a5/5d8cf1f5ca3f2f5811e6c16c7e124e
# Date:            Wed Jul 19 14:12:45 2023
# [ok]
