#                                                                                           --- full sequence --- -------------- this domain -------------   hmm coord   ali coord   env coord
# target name                       accession   tlen query name           accession   qlen   E-value  score  bias   #  of  c-Evalue  i-Evalue  score  bias  from    to  from    to  from    to  acc description of target
#               ------------------- ---------- ----- -------------------- ---------- ----- --------- ------ ----- --- --- --------- --------- ------ ----- ----- ----- ----- ----- ----- ----- ---- ---------------------
NODE_1721_length_268_cov_0.764398_1 -             89 24492at91347         -            419     3e-43  145.5   0.1   1   1   2.2e-46   3.3e-43  145.4   0.1    87   170     1    89     1    89 0.97 # 2 # 268 # 1 # ID=1721_1;partial=11;start_type=Edge;rbs_motif=None;rbs_spacer=None;gc_cont=0.487
NODE_22_length_814_cov_0.972863_2   -            162 24492at91347         -            419   3.3e-27   92.6   0.0   1   1   2.4e-30   3.5e-27   92.6   0.0   294   414    31   158     3   161 0.84 # 329 # 814 # -1 # ID=22_2;partial=01;start_type=Edge;rbs_motif=None;rbs_spacer=None;gc_cont=0.519
#
# Program:         hmmsearch
# Version:         3.1b2 (February 2015)
# Pipeline mode:   SEARCH
# Query file:      /Users/2021jh002/Documents/github/baargin/work/fc/50edebbec4b75637be28d2afa87f5c/busco_downloads/lineages/enterobacterales_odb10/hmms/24492at91347.hmm
# Target file:     /Users/2021jh002/Documents/github/baargin/work/fc/50edebbec4b75637be28d2afa87f5c/busco_raw/prodigal_output/predicted_genes/predicted.faa
# Option settings: hmmsearch --domtblout /Users/2021jh002/Documents/github/baargin/work/fc/50edebbec4b75637be28d2afa87f5c/busco_raw/run_enterobacterales_odb10/hmmer_output/24492at91347.out --cpu 1 /Users/2021jh002/Documents/github/baargin/work/fc/50edebbec4b75637be28d2afa87f5c/busco_downloads/lineages/enterobacterales_odb10/hmms/24492at91347.hmm /Users/2021jh002/Documents/github/baargin/work/fc/50edebbec4b75637be28d2afa87f5c/busco_raw/prodigal_output/predicted_genes/predicted.faa 
# Current dir:     /Users/2021jh002/Documents/github/baargin/work/fc/50edebbec4b75637be28d2afa87f5c
# Date:            Wed Jul 19 14:05:36 2023
# [ok]
