#                                                                                           --- full sequence --- -------------- this domain -------------   hmm coord   ali coord   env coord
# target name                       accession   tlen query name           accession   qlen   E-value  score  bias   #  of  c-Evalue  i-Evalue  score  bias  from    to  from    to  from    to  acc description of target
#               ------------------- ---------- ----- -------------------- ---------- ----- --------- ------ ----- --- --- --------- --------- ------ ----- ----- ----- ----- ----- ----- ----- ---- ---------------------
NODE_15_length_898_cov_0.864799_1   -            249 2605at91347          -            972   1.5e-90  302.0   0.0   1   2   2.7e-41     4e-38  128.5   0.0     1    92     1   111     1   119 0.89 # 2 # 748 # -1 # ID=15_1;partial=10;start_type=ATG;rbs_motif=GGA/GAG/AGG;rbs_spacer=5-10bp;gc_cont=0.573
NODE_15_length_898_cov_0.864799_1   -            249 2605at91347          -            972   1.5e-90  302.0   0.0   2   2   2.1e-54   3.1e-51  171.9   0.0   128   241   121   248   112   249 0.90 # 2 # 748 # -1 # ID=15_1;partial=10;start_type=ATG;rbs_motif=GGA/GAG/AGG;rbs_spacer=5-10bp;gc_cont=0.573
NODE_2211_length_249_cov_1.459302_1 -             83 2605at91347          -            972   1.7e-44  149.6   0.0   1   1   1.2e-47   1.8e-44  149.5   0.0   686   765     1    83     1    83 0.97 # 1 # 249 # 1 # ID=2211_1;partial=11;start_type=Edge;rbs_motif=None;rbs_spacer=None;gc_cont=0.534
#
# Program:         hmmsearch
# Version:         3.1b2 (February 2015)
# Pipeline mode:   SEARCH
# Query file:      /Users/2021jh002/Documents/github/baargin/work/fc/50edebbec4b75637be28d2afa87f5c/busco_downloads/lineages/enterobacterales_odb10/hmms/2605at91347.hmm
# Target file:     /Users/2021jh002/Documents/github/baargin/work/fc/50edebbec4b75637be28d2afa87f5c/busco_raw/prodigal_output/predicted_genes/predicted.faa
# Option settings: hmmsearch --domtblout /Users/2021jh002/Documents/github/baargin/work/fc/50edebbec4b75637be28d2afa87f5c/busco_raw/run_enterobacterales_odb10/hmmer_output/2605at91347.out --cpu 1 /Users/2021jh002/Documents/github/baargin/work/fc/50edebbec4b75637be28d2afa87f5c/busco_downloads/lineages/enterobacterales_odb10/hmms/2605at91347.hmm /Users/2021jh002/Documents/github/baargin/work/fc/50edebbec4b75637be28d2afa87f5c/busco_raw/prodigal_output/predicted_genes/predicted.faa 
# Current dir:     /Users/2021jh002/Documents/github/baargin/work/fc/50edebbec4b75637be28d2afa87f5c
# Date:            Wed Jul 19 14:05:47 2023
# [ok]
