#                                                                                           --- full sequence --- -------------- this domain -------------   hmm coord   ali coord   env coord
# target name                       accession   tlen query name           accession   qlen   E-value  score  bias   #  of  c-Evalue  i-Evalue  score  bias  from    to  from    to  from    to  acc description of target
#               ------------------- ---------- ----- -------------------- ---------- ----- --------- ------ ----- --- --- --------- --------- ------ ----- ----- ----- ----- ----- ----- ----- ---- ---------------------
NODE_377_length_439_cov_0.806630_1  -            101 26874at91347         -            292   8.2e-33  111.5   0.3   1   1   9.3e-36   9.1e-33  111.3   0.3   207   292     1   100     1   100 0.89 # 1 # 303 # 1 # ID=377_1;partial=10;start_type=Edge;rbs_motif=None;rbs_spacer=None;gc_cont=0.521
NODE_2176_length_251_cov_0.839080_1 -             83 26874at91347         -            292   5.8e-22   75.9   0.0   1   1   6.6e-25   6.5e-22   75.7   0.0   125   191     1    83     1    83 0.90 # 2 # 250 # 1 # ID=2176_1;partial=11;start_type=Edge;rbs_motif=None;rbs_spacer=None;gc_cont=0.550
NODE_1205_length_305_cov_1.978070_1 -            101 26874at91347         -            292   2.9e-21   73.6   0.0   1   1   3.4e-24   3.3e-21   73.4   0.0    33   102     6    87     1    95 0.88 # 2 # 304 # -1 # ID=1205_1;partial=11;start_type=Edge;rbs_motif=None;rbs_spacer=None;gc_cont=0.584
#
# Program:         hmmsearch
# Version:         3.1b2 (February 2015)
# Pipeline mode:   SEARCH
# Query file:      /Users/2021jh002/Documents/github/baargin/work/fc/50edebbec4b75637be28d2afa87f5c/busco_downloads/lineages/enterobacterales_odb10/hmms/26874at91347.hmm
# Target file:     /Users/2021jh002/Documents/github/baargin/work/fc/50edebbec4b75637be28d2afa87f5c/busco_raw/prodigal_output/predicted_genes/predicted.faa
# Option settings: hmmsearch --domtblout /Users/2021jh002/Documents/github/baargin/work/fc/50edebbec4b75637be28d2afa87f5c/busco_raw/run_enterobacterales_odb10/hmmer_output/26874at91347.out --cpu 1 /Users/2021jh002/Documents/github/baargin/work/fc/50edebbec4b75637be28d2afa87f5c/busco_downloads/lineages/enterobacterales_odb10/hmms/26874at91347.hmm /Users/2021jh002/Documents/github/baargin/work/fc/50edebbec4b75637be28d2afa87f5c/busco_raw/prodigal_output/predicted_genes/predicted.faa 
# Current dir:     /Users/2021jh002/Documents/github/baargin/work/fc/50edebbec4b75637be28d2afa87f5c
# Date:            Wed Jul 19 14:05:55 2023
# [ok]
