#                                                                                           --- full sequence --- -------------- this domain -------------   hmm coord   ali coord   env coord
# target name                       accession   tlen query name           accession   qlen   E-value  score  bias   #  of  c-Evalue  i-Evalue  score  bias  from    to  from    to  from    to  acc description of target
#               ------------------- ---------- ----- -------------------- ---------- ----- --------- ------ ----- --- --- --------- --------- ------ ----- ----- ----- ----- ----- ----- ----- ---- ---------------------
NODE_1273_length_298_cov_0.990950_1 -             61 35495at91347         -            238   7.9e-05   19.4   0.1   1   1   6.4e-08   9.4e-05   19.2   0.1     5    56     6    59     4    61 0.83 # 3 # 185 # -1 # ID=1273_1;partial=10;start_type=ATG;rbs_motif=None;rbs_spacer=None;gc_cont=0.486
NODE_2114_length_253_cov_1.244318_1 -             84 35495at91347         -            238   0.00042   17.1   0.0   1   1   3.9e-07   0.00057   16.6   0.0     4    27    43    66    41    75 0.88 # 1 # 252 # 1 # ID=2114_1;partial=11;start_type=Edge;rbs_motif=None;rbs_spacer=None;gc_cont=0.560
#
# Program:         hmmsearch
# Version:         3.1b2 (February 2015)
# Pipeline mode:   SEARCH
# Query file:      /Users/2021jh002/Documents/github/baargin/work/fc/50edebbec4b75637be28d2afa87f5c/busco_downloads/lineages/enterobacterales_odb10/hmms/35495at91347.hmm
# Target file:     /Users/2021jh002/Documents/github/baargin/work/fc/50edebbec4b75637be28d2afa87f5c/busco_raw/prodigal_output/predicted_genes/predicted.faa
# Option settings: hmmsearch --domtblout /Users/2021jh002/Documents/github/baargin/work/fc/50edebbec4b75637be28d2afa87f5c/busco_raw/run_enterobacterales_odb10/hmmer_output/35495at91347.out --cpu 1 /Users/2021jh002/Documents/github/baargin/work/fc/50edebbec4b75637be28d2afa87f5c/busco_downloads/lineages/enterobacterales_odb10/hmms/35495at91347.hmm /Users/2021jh002/Documents/github/baargin/work/fc/50edebbec4b75637be28d2afa87f5c/busco_raw/prodigal_output/predicted_genes/predicted.faa 
# Current dir:     /Users/2021jh002/Documents/github/baargin/work/fc/50edebbec4b75637be28d2afa87f5c
# Date:            Wed Jul 19 14:07:03 2023
# [ok]
