#                                                                                           --- full sequence --- -------------- this domain -------------   hmm coord   ali coord   env coord
# target name                       accession   tlen query name           accession   qlen   E-value  score  bias   #  of  c-Evalue  i-Evalue  score  bias  from    to  from    to  from    to  acc description of target
#               ------------------- ---------- ----- -------------------- ---------- ----- --------- ------ ----- --- --- --------- --------- ------ ----- ----- ----- ----- ----- ----- ----- ---- ---------------------
NODE_1870_length_262_cov_0.789189_1 -             86 38133at91347         -            376   1.5e-05   21.6   0.0   1   1     1e-08   1.5e-05   21.6   0.0   140   197     2    63     1    84 0.82 # 3 # 260 # 1 # ID=1870_1;partial=11;start_type=Edge;rbs_motif=None;rbs_spacer=None;gc_cont=0.523
NODE_35_length_712_cov_1.040945_2   -            179 38133at91347         -            376    0.0001   18.9   0.0   1   1   8.3e-08   0.00012   18.6   0.0    83   128    91   142    79   170 0.80 # 175 # 711 # 1 # ID=35_2;partial=01;start_type=ATG;rbs_motif=GGxGG;rbs_spacer=5-10bp;gc_cont=0.557
#
# Program:         hmmsearch
# Version:         3.1b2 (February 2015)
# Pipeline mode:   SEARCH
# Query file:      /Users/2021jh002/Documents/github/baargin/work/fc/50edebbec4b75637be28d2afa87f5c/busco_downloads/lineages/enterobacterales_odb10/hmms/38133at91347.hmm
# Target file:     /Users/2021jh002/Documents/github/baargin/work/fc/50edebbec4b75637be28d2afa87f5c/busco_raw/prodigal_output/predicted_genes/predicted.faa
# Option settings: hmmsearch --domtblout /Users/2021jh002/Documents/github/baargin/work/fc/50edebbec4b75637be28d2afa87f5c/busco_raw/run_enterobacterales_odb10/hmmer_output/38133at91347.out --cpu 1 /Users/2021jh002/Documents/github/baargin/work/fc/50edebbec4b75637be28d2afa87f5c/busco_downloads/lineages/enterobacterales_odb10/hmms/38133at91347.hmm /Users/2021jh002/Documents/github/baargin/work/fc/50edebbec4b75637be28d2afa87f5c/busco_raw/prodigal_output/predicted_genes/predicted.faa 
# Current dir:     /Users/2021jh002/Documents/github/baargin/work/fc/50edebbec4b75637be28d2afa87f5c
# Date:            Wed Jul 19 14:07:48 2023
# [ok]
