#                                                                                           --- full sequence --- -------------- this domain -------------   hmm coord   ali coord   env coord
# target name                       accession   tlen query name           accession   qlen   E-value  score  bias   #  of  c-Evalue  i-Evalue  score  bias  from    to  from    to  from    to  acc description of target
#               ------------------- ---------- ----- -------------------- ---------- ----- --------- ------ ----- --- --- --------- --------- ------ ----- ----- ----- ----- ----- ----- ----- ---- ---------------------
NODE_1982_length_258_cov_0.806630_1 -             85 49804at91347         -            314   5.7e-14   49.7   1.2   1   1   9.5e-17   1.4e-13   48.4   1.2    14    73     1    81     1    84 0.81 # 2 # 256 # -1 # ID=1982_1;partial=11;start_type=Edge;rbs_motif=None;rbs_spacer=None;gc_cont=0.592
NODE_867_length_344_cov_1.093633_1  -            114 49804at91347         -            314   1.9e-10   38.1   0.0   1   2   1.8e-11   2.7e-08   31.1   0.0   203   243     5    52     3    60 0.89 # 2 # 343 # 1 # ID=867_1;partial=11;start_type=Edge;rbs_motif=None;rbs_spacer=None;gc_cont=0.591
NODE_867_length_344_cov_1.093633_1  -            114 49804at91347         -            314   1.9e-10   38.1   0.0   2   2    0.0015       2.3    5.0   0.0   238   273    64   114    55   114 0.70 # 2 # 343 # 1 # ID=867_1;partial=11;start_type=Edge;rbs_motif=None;rbs_spacer=None;gc_cont=0.591
#
# Program:         hmmsearch
# Version:         3.1b2 (February 2015)
# Pipeline mode:   SEARCH
# Query file:      /Users/2021jh002/Documents/github/baargin/work/fc/50edebbec4b75637be28d2afa87f5c/busco_downloads/lineages/enterobacterales_odb10/hmms/49804at91347.hmm
# Target file:     /Users/2021jh002/Documents/github/baargin/work/fc/50edebbec4b75637be28d2afa87f5c/busco_raw/prodigal_output/predicted_genes/predicted.faa
# Option settings: hmmsearch --domtblout /Users/2021jh002/Documents/github/baargin/work/fc/50edebbec4b75637be28d2afa87f5c/busco_raw/run_enterobacterales_odb10/hmmer_output/49804at91347.out --cpu 1 /Users/2021jh002/Documents/github/baargin/work/fc/50edebbec4b75637be28d2afa87f5c/busco_downloads/lineages/enterobacterales_odb10/hmms/49804at91347.hmm /Users/2021jh002/Documents/github/baargin/work/fc/50edebbec4b75637be28d2afa87f5c/busco_raw/prodigal_output/predicted_genes/predicted.faa 
# Current dir:     /Users/2021jh002/Documents/github/baargin/work/fc/50edebbec4b75637be28d2afa87f5c
# Date:            Wed Jul 19 14:09:36 2023
# [ok]
