#                                                                                          --- full sequence --- -------------- this domain -------------   hmm coord   ali coord   env coord
# target name                      accession   tlen query name           accession   qlen   E-value  score  bias   #  of  c-Evalue  i-Evalue  score  bias  from    to  from    to  from    to  acc description of target
#              ------------------- ---------- ----- -------------------- ---------- ----- --------- ------ ----- --- --- --------- --------- ------ ----- ----- ----- ----- ----- ----- ----- ---- ---------------------
NODE_126_length_576_cov_1.016032_1 -             60 56003at91347         -            321   9.1e-24   81.6   0.0   1   1   1.1e-26     1e-23   81.3   0.0     1    55     1    56     1    58 0.98 # 3 # 182 # -1 # ID=126_1;partial=10;start_type=ATG;rbs_motif=GGAG/GAGG;rbs_spacer=5-10bp;gc_cont=0.533
NODE_73_length_633_cov_1.246403_1  -            185 56003at91347         -            321     2e-15   54.2   0.0   1   1   2.5e-18   2.5e-15   53.8   0.0     4   153     7   174     4   181 0.73 # 77 # 631 # 1 # ID=73_1;partial=01;start_type=ATG;rbs_motif=GGAG/GAGG;rbs_spacer=5-10bp;gc_cont=0.517
NODE_839_length_348_cov_0.808118_1 -             97 56003at91347         -            321      0.02   11.4   0.0   1   1   2.3e-05     0.022   11.3   0.0     6    66     3    65     1    75 0.82 # 2 # 292 # -1 # ID=839_1;partial=10;start_type=ATG;rbs_motif=AGGAG;rbs_spacer=5-10bp;gc_cont=0.522
#
# Program:         hmmsearch
# Version:         3.1b2 (February 2015)
# Pipeline mode:   SEARCH
# Query file:      /Users/2021jh002/Documents/github/baargin/work/fc/50edebbec4b75637be28d2afa87f5c/busco_downloads/lineages/enterobacterales_odb10/hmms/56003at91347.hmm
# Target file:     /Users/2021jh002/Documents/github/baargin/work/fc/50edebbec4b75637be28d2afa87f5c/busco_raw/prodigal_output/predicted_genes/predicted.faa
# Option settings: hmmsearch --domtblout /Users/2021jh002/Documents/github/baargin/work/fc/50edebbec4b75637be28d2afa87f5c/busco_raw/run_enterobacterales_odb10/hmmer_output/56003at91347.out --cpu 1 /Users/2021jh002/Documents/github/baargin/work/fc/50edebbec4b75637be28d2afa87f5c/busco_downloads/lineages/enterobacterales_odb10/hmms/56003at91347.hmm /Users/2021jh002/Documents/github/baargin/work/fc/50edebbec4b75637be28d2afa87f5c/busco_raw/prodigal_output/predicted_genes/predicted.faa 
# Current dir:     /Users/2021jh002/Documents/github/baargin/work/fc/50edebbec4b75637be28d2afa87f5c
# Date:            Wed Jul 19 14:10:29 2023
# [ok]
