#                                                                                           --- full sequence --- -------------- this domain -------------   hmm coord   ali coord   env coord
# target name                       accession   tlen query name           accession   qlen   E-value  score  bias   #  of  c-Evalue  i-Evalue  score  bias  from    to  from    to  from    to  acc description of target
#               ------------------- ---------- ----- -------------------- ---------- ----- --------- ------ ----- --- --- --------- --------- ------ ----- ----- ----- ----- ----- ----- ----- ---- ---------------------
NODE_1217_length_305_cov_0.728070_1 -            101 75919at91347         -            184   2.9e-48  161.3   0.1   1   1   1.2e-51   3.4e-48  161.1   0.1    94   180     2    91     1    95 0.96 # 1 # 303 # -1 # ID=1217_1;partial=11;start_type=Edge;rbs_motif=None;rbs_spacer=None;gc_cont=0.518
#
# Program:         hmmsearch
# Version:         3.1b2 (February 2015)
# Pipeline mode:   SEARCH
# Query file:      /Users/2021jh002/Documents/github/baargin/work/fc/50edebbec4b75637be28d2afa87f5c/busco_downloads/lineages/enterobacterales_odb10/hmms/75919at91347.hmm
# Target file:     /Users/2021jh002/Documents/github/baargin/work/fc/50edebbec4b75637be28d2afa87f5c/busco_raw/prodigal_output/predicted_genes/predicted.faa
# Option settings: hmmsearch --domtblout /Users/2021jh002/Documents/github/baargin/work/fc/50edebbec4b75637be28d2afa87f5c/busco_raw/run_enterobacterales_odb10/hmmer_output/75919at91347.out --cpu 1 /Users/2021jh002/Documents/github/baargin/work/fc/50edebbec4b75637be28d2afa87f5c/busco_downloads/lineages/enterobacterales_odb10/hmms/75919at91347.hmm /Users/2021jh002/Documents/github/baargin/work/fc/50edebbec4b75637be28d2afa87f5c/busco_raw/prodigal_output/predicted_genes/predicted.faa 
# Current dir:     /Users/2021jh002/Documents/github/baargin/work/fc/50edebbec4b75637be28d2afa87f5c
# Date:            Wed Jul 19 14:13:53 2023
# [ok]
