#                                                                                           --- full sequence --- -------------- this domain -------------   hmm coord   ali coord   env coord
# target name                       accession   tlen query name           accession   qlen   E-value  score  bias   #  of  c-Evalue  i-Evalue  score  bias  from    to  from    to  from    to  acc description of target
#               ------------------- ---------- ----- -------------------- ---------- ----- --------- ------ ----- --- --- --------- --------- ------ ----- ----- ----- ----- ----- ----- ----- ---- ---------------------
NODE_20_length_757_cov_1.139706_1   -            251 12072at91347         -            455   7.4e-77  256.1   0.3   1   2   4.1e-53   2.1e-50  168.9   0.1   283   392     1   126     1   131 0.93 # 3 # 755 # -1 # ID=20_1;partial=11;start_type=Edge;rbs_motif=None;rbs_spacer=None;gc_cont=0.547
NODE_20_length_757_cov_1.139706_1   -            251 12072at91347         -            455   7.4e-77  256.1   0.3   2   2   8.9e-28   4.5e-25   85.4   0.0   386   455   164   244   161   244 0.89 # 3 # 755 # -1 # ID=20_1;partial=11;start_type=Edge;rbs_motif=None;rbs_spacer=None;gc_cont=0.547
NODE_29_length_707_cov_1.158730_1   -            229 12072at91347         -            455   1.6e-51  172.6   0.0   1   1   3.5e-54   1.8e-51  172.4   0.0     1   199    15   228    15   229 0.92 # 1 # 687 # -1 # ID=29_1;partial=10;start_type=ATG;rbs_motif=None;rbs_spacer=None;gc_cont=0.562
NODE_612_length_358_cov_0.779359_1  -            119 12072at91347         -            455   5.7e-28   94.9   0.0   1   1   1.3e-30   6.5e-28   94.7   0.0   196   303    12   119     2   119 0.95 # 2 # 358 # 1 # ID=612_1;partial=11;start_type=Edge;rbs_motif=None;rbs_spacer=None;gc_cont=0.541
NODE_628_length_355_cov_1.568345_1  -            118 12072at91347         -            455   1.7e-20   70.3   0.0   1   1   3.7e-23   1.9e-20   70.1   0.0   254   330     1    77     1    93 0.88 # 2 # 355 # 1 # ID=628_1;partial=11;start_type=Edge;rbs_motif=None;rbs_spacer=None;gc_cont=0.517
NODE_1538_length_266_cov_0.772487_1 -             88 12072at91347         -            455   2.8e-13   46.5   0.0   1   1   5.7e-16   2.9e-13   46.4   0.0   114   196     1    85     1    88 0.90 # 3 # 266 # -1 # ID=1538_1;partial=11;start_type=Edge;rbs_motif=None;rbs_spacer=None;gc_cont=0.508
#
# Program:         hmmsearch
# Version:         3.1b2 (February 2015)
# Pipeline mode:   SEARCH
# Query file:      /Users/2021jh002/Documents/github/baargin/work/fe/72195ed6e76fbec2ab5796f7c1d593/busco_downloads/lineages/enterobacterales_odb10/hmms/12072at91347.hmm
# Target file:     /Users/2021jh002/Documents/github/baargin/work/fe/72195ed6e76fbec2ab5796f7c1d593/busco_raw/prodigal_output/predicted_genes/predicted.faa
# Option settings: hmmsearch --domtblout /Users/2021jh002/Documents/github/baargin/work/fe/72195ed6e76fbec2ab5796f7c1d593/busco_raw/run_enterobacterales_odb10/hmmer_output/12072at91347.out --cpu 1 /Users/2021jh002/Documents/github/baargin/work/fe/72195ed6e76fbec2ab5796f7c1d593/busco_downloads/lineages/enterobacterales_odb10/hmms/12072at91347.hmm /Users/2021jh002/Documents/github/baargin/work/fe/72195ed6e76fbec2ab5796f7c1d593/busco_raw/prodigal_output/predicted_genes/predicted.faa 
# Current dir:     /Users/2021jh002/Documents/github/baargin/work/fe/72195ed6e76fbec2ab5796f7c1d593
# Date:            Wed Jul 19 14:04:05 2023
# [ok]
