#                                                                                           --- full sequence --- -------------- this domain -------------   hmm coord   ali coord   env coord
# target name                       accession   tlen query name           accession   qlen   E-value  score  bias   #  of  c-Evalue  i-Evalue  score  bias  from    to  from    to  from    to  acc description of target
#               ------------------- ---------- ----- -------------------- ---------- ----- --------- ------ ----- --- --- --------- --------- ------ ----- ----- ----- ----- ----- ----- ----- ---- ---------------------
NODE_219_length_476_cov_1.646617_1  -            158 373at91347           -           1193  2.4e-104  347.2   0.1   1   1  6.3e-107  2.7e-104  347.1   0.1   337   491     1   158     1   158 0.98 # 3 # 476 # 1 # ID=219_1;partial=11;start_type=Edge;rbs_motif=None;rbs_spacer=None;gc_cont=0.553
NODE_1695_length_260_cov_0.797814_1 -             86 373at91347           -           1193   1.1e-56  189.4   0.5   1   1   2.8e-59   1.2e-56  189.3   0.5   649   734     1    86     1    86 0.99 # 1 # 258 # 1 # ID=1695_1;partial=11;start_type=Edge;rbs_motif=None;rbs_spacer=None;gc_cont=0.574
NODE_448_length_390_cov_0.699681_1  -            130 373at91347           -           1193   4.9e-54  180.6   0.2   1   1   1.6e-56   6.7e-54  180.2   0.2   509   613    20   130     1   130 0.90 # 1 # 390 # -1 # ID=448_1;partial=11;start_type=Edge;rbs_motif=None;rbs_spacer=None;gc_cont=0.490
NODE_401_length_401_cov_1.376543_1  -             82 373at91347           -           1193   8.4e-49  163.3   0.3   1   1   2.2e-51   9.1e-49  163.2   0.3     1    77     1    82     1    82 0.96 # 1 # 246 # -1 # ID=401_1;partial=10;start_type=GTG;rbs_motif=None;rbs_spacer=None;gc_cont=0.476
NODE_1222_length_279_cov_1.084158_1 -             92 373at91347           -           1193   4.3e-27   91.4   3.2   1   2   3.1e-19   1.3e-16   56.7   0.2  1087  1138     1    59     1    65 0.89 # 3 # 278 # -1 # ID=1222_1;partial=11;start_type=Edge;rbs_motif=None;rbs_spacer=None;gc_cont=0.529
NODE_1222_length_279_cov_1.084158_1 -             92 373at91347           -           1193   4.3e-27   91.4   3.2   2   2   3.8e-13   1.6e-10   36.5   0.3  1120  1149    63    92    58    92 0.92 # 3 # 278 # -1 # ID=1222_1;partial=11;start_type=Edge;rbs_motif=None;rbs_spacer=None;gc_cont=0.529
NODE_1667_length_261_cov_0.793478_1 -             87 373at91347           -           1193   1.6e-25   86.2   0.0   1   1   4.6e-28   1.9e-25   85.9   0.0   861   920    13    87     3    87 0.82 # 1 # 261 # -1 # ID=1667_1;partial=11;start_type=Edge;rbs_motif=None;rbs_spacer=None;gc_cont=0.521
#
# Program:         hmmsearch
# Version:         3.1b2 (February 2015)
# Pipeline mode:   SEARCH
# Query file:      /Users/2021jh002/Documents/github/baargin/work/fe/72195ed6e76fbec2ab5796f7c1d593/busco_downloads/lineages/enterobacterales_odb10/hmms/373at91347.hmm
# Target file:     /Users/2021jh002/Documents/github/baargin/work/fe/72195ed6e76fbec2ab5796f7c1d593/busco_raw/prodigal_output/predicted_genes/predicted.faa
# Option settings: hmmsearch --domtblout /Users/2021jh002/Documents/github/baargin/work/fe/72195ed6e76fbec2ab5796f7c1d593/busco_raw/run_enterobacterales_odb10/hmmer_output/373at91347.out --cpu 1 /Users/2021jh002/Documents/github/baargin/work/fe/72195ed6e76fbec2ab5796f7c1d593/busco_downloads/lineages/enterobacterales_odb10/hmms/373at91347.hmm /Users/2021jh002/Documents/github/baargin/work/fe/72195ed6e76fbec2ab5796f7c1d593/busco_raw/prodigal_output/predicted_genes/predicted.faa 
# Current dir:     /Users/2021jh002/Documents/github/baargin/work/fe/72195ed6e76fbec2ab5796f7c1d593
# Date:            Wed Jul 19 14:08:08 2023
# [ok]
