#                                                                                           --- full sequence --- -------------- this domain -------------   hmm coord   ali coord   env coord
# target name                       accession   tlen query name           accession   qlen   E-value  score  bias   #  of  c-Evalue  i-Evalue  score  bias  from    to  from    to  from    to  acc description of target
#               ------------------- ---------- ----- -------------------- ---------- ----- --------- ------ ----- --- --- --------- --------- ------ ----- ----- ----- ----- ----- ----- ----- ---- ---------------------
NODE_1985_length_248_cov_0.853801_1 -             82 49743at91347         -            302   1.8e-46  155.8   2.2   1   1   2.3e-49     2e-46  155.7   2.2   178   256     1    82     1    82 0.95 # 1 # 246 # -1 # ID=1985_1;partial=11;start_type=Edge;rbs_motif=None;rbs_spacer=None;gc_cont=0.528
NODE_667_length_349_cov_1.073529_1  -            116 49743at91347         -            302   1.2e-39  133.5   0.0   1   1   1.5e-42   1.2e-39  133.3   0.0   117   226     2   115     1   116 0.93 # 2 # 349 # -1 # ID=667_1;partial=11;start_type=Edge;rbs_motif=None;rbs_spacer=None;gc_cont=0.546
NODE_2032_length_245_cov_1.535714_1 -             62 49743at91347         -            302   1.1e-06   25.1   0.0   1   1   1.4e-09   1.1e-06   25.1   0.0   162   194     7    39     1    56 0.84 # 2 # 187 # -1 # ID=2032_1;partial=10;start_type=ATG;rbs_motif=None;rbs_spacer=None;gc_cont=0.548
#
# Program:         hmmsearch
# Version:         3.1b2 (February 2015)
# Pipeline mode:   SEARCH
# Query file:      /Users/2021jh002/Documents/github/baargin/work/fe/72195ed6e76fbec2ab5796f7c1d593/busco_downloads/lineages/enterobacterales_odb10/hmms/49743at91347.hmm
# Target file:     /Users/2021jh002/Documents/github/baargin/work/fe/72195ed6e76fbec2ab5796f7c1d593/busco_raw/prodigal_output/predicted_genes/predicted.faa
# Option settings: hmmsearch --domtblout /Users/2021jh002/Documents/github/baargin/work/fe/72195ed6e76fbec2ab5796f7c1d593/busco_raw/run_enterobacterales_odb10/hmmer_output/49743at91347.out --cpu 1 /Users/2021jh002/Documents/github/baargin/work/fe/72195ed6e76fbec2ab5796f7c1d593/busco_downloads/lineages/enterobacterales_odb10/hmms/49743at91347.hmm /Users/2021jh002/Documents/github/baargin/work/fe/72195ed6e76fbec2ab5796f7c1d593/busco_raw/prodigal_output/predicted_genes/predicted.faa 
# Current dir:     /Users/2021jh002/Documents/github/baargin/work/fe/72195ed6e76fbec2ab5796f7c1d593
# Date:            Wed Jul 19 14:09:44 2023
# [ok]
