#                                                                                           --- full sequence --- -------------- this domain -------------   hmm coord   ali coord   env coord
# target name                       accession   tlen query name           accession   qlen   E-value  score  bias   #  of  c-Evalue  i-Evalue  score  bias  from    to  from    to  from    to  acc description of target
#               ------------------- ---------- ----- -------------------- ---------- ----- --------- ------ ----- --- --- --------- --------- ------ ----- ----- ----- ----- ----- ----- ----- ---- ---------------------
NODE_2432_length_228_cov_1.119205_1 -             45 64323at91347         -            236   8.3e-10   35.8   1.3   1   1   1.3e-12   8.4e-10   35.8   1.3   177   216     1    40     1    44 0.95 # 2 # 136 # 1 # ID=2432_1;partial=10;start_type=Edge;rbs_motif=None;rbs_spacer=None;gc_cont=0.533
NODE_613_length_358_cov_0.779359_1  -            119 64323at91347         -            236    0.0025   14.6   0.0   1   1   4.3e-06    0.0028   14.4   0.0   171   203    65    97    38   114 0.84 # 2 # 358 # -1 # ID=613_1;partial=11;start_type=Edge;rbs_motif=None;rbs_spacer=None;gc_cont=0.527
NODE_1186_length_283_cov_0.708738_1 -             93 64323at91347         -            236    0.0031   14.3   0.6   1   1   5.6e-06    0.0036   14.1   0.6   143   211    24    92    18    93 0.94 # 3 # 281 # -1 # ID=1186_1;partial=11;start_type=Edge;rbs_motif=None;rbs_spacer=None;gc_cont=0.566
NODE_73_length_593_cov_0.990310_2   -            165 64323at91347         -            236     0.012   12.4   2.9   1   1   8.9e-05     0.057   10.2   2.9   168   200   111   143    97   164 0.54 # 97 # 591 # 1 # ID=73_2;partial=01;start_type=ATG;rbs_motif=None;rbs_spacer=None;gc_cont=0.537
#
# Program:         hmmsearch
# Version:         3.1b2 (February 2015)
# Pipeline mode:   SEARCH
# Query file:      /Users/2021jh002/Documents/github/baargin/work/fe/72195ed6e76fbec2ab5796f7c1d593/busco_downloads/lineages/enterobacterales_odb10/hmms/64323at91347.hmm
# Target file:     /Users/2021jh002/Documents/github/baargin/work/fe/72195ed6e76fbec2ab5796f7c1d593/busco_raw/prodigal_output/predicted_genes/predicted.faa
# Option settings: hmmsearch --domtblout /Users/2021jh002/Documents/github/baargin/work/fe/72195ed6e76fbec2ab5796f7c1d593/busco_raw/run_enterobacterales_odb10/hmmer_output/64323at91347.out --cpu 1 /Users/2021jh002/Documents/github/baargin/work/fe/72195ed6e76fbec2ab5796f7c1d593/busco_downloads/lineages/enterobacterales_odb10/hmms/64323at91347.hmm /Users/2021jh002/Documents/github/baargin/work/fe/72195ed6e76fbec2ab5796f7c1d593/busco_raw/prodigal_output/predicted_genes/predicted.faa 
# Current dir:     /Users/2021jh002/Documents/github/baargin/work/fe/72195ed6e76fbec2ab5796f7c1d593
# Date:            Wed Jul 19 14:11:41 2023
# [ok]
