#                                                                                           --- full sequence --- -------------- this domain -------------   hmm coord   ali coord   env coord
# target name                       accession   tlen query name           accession   qlen   E-value  score  bias   #  of  c-Evalue  i-Evalue  score  bias  from    to  from    to  from    to  acc description of target
#               ------------------- ---------- ----- -------------------- ---------- ----- --------- ------ ----- --- --- --------- --------- ------ ----- ----- ----- ----- ----- ----- ----- ---- ---------------------
NODE_751_length_336_cov_0.845560_1  -            111 64968at91347         -            247   3.5e-45  151.6   0.0   1   1   3.4e-48   4.4e-45  151.3   0.0    19   116     1   108     1   111 0.90 # 2 # 334 # -1 # ID=751_1;partial=11;start_type=Edge;rbs_motif=None;rbs_spacer=None;gc_cont=0.538
NODE_1640_length_262_cov_0.789189_1 -             87 64968at91347         -            247   1.9e-38  129.6   0.1   1   1   2.5e-41   3.2e-38  128.8   0.1   140   215     1    87     1    87 0.93 # 2 # 262 # 1 # ID=1640_1;partial=11;start_type=Edge;rbs_motif=None;rbs_spacer=None;gc_cont=0.529
#
# Program:         hmmsearch
# Version:         3.1b2 (February 2015)
# Pipeline mode:   SEARCH
# Query file:      /Users/2021jh002/Documents/github/baargin/work/fe/72195ed6e76fbec2ab5796f7c1d593/busco_downloads/lineages/enterobacterales_odb10/hmms/64968at91347.hmm
# Target file:     /Users/2021jh002/Documents/github/baargin/work/fe/72195ed6e76fbec2ab5796f7c1d593/busco_raw/prodigal_output/predicted_genes/predicted.faa
# Option settings: hmmsearch --domtblout /Users/2021jh002/Documents/github/baargin/work/fe/72195ed6e76fbec2ab5796f7c1d593/busco_raw/run_enterobacterales_odb10/hmmer_output/64968at91347.out --cpu 1 /Users/2021jh002/Documents/github/baargin/work/fe/72195ed6e76fbec2ab5796f7c1d593/busco_downloads/lineages/enterobacterales_odb10/hmms/64968at91347.hmm /Users/2021jh002/Documents/github/baargin/work/fe/72195ed6e76fbec2ab5796f7c1d593/busco_raw/prodigal_output/predicted_genes/predicted.faa 
# Current dir:     /Users/2021jh002/Documents/github/baargin/work/fe/72195ed6e76fbec2ab5796f7c1d593
# Date:            Wed Jul 19 14:11:56 2023
# [ok]
