#                                                                                           --- full sequence --- -------------- this domain -------------   hmm coord   ali coord   env coord
# target name                       accession   tlen query name           accession   qlen   E-value  score  bias   #  of  c-Evalue  i-Evalue  score  bias  from    to  from    to  from    to  acc description of target
#               ------------------- ---------- ----- -------------------- ---------- ----- --------- ------ ----- --- --- --------- --------- ------ ----- ----- ----- ----- ----- ----- ----- ---- ---------------------
NODE_1386_length_272_cov_1.123077_1 -             83 68569at91347         -            218    0.0076   13.0   0.0   1   1   3.3e-06    0.0085   12.8   0.0     3    73     5    80     3    83 0.68 # 1 # 249 # -1 # ID=1386_1;partial=10;start_type=TTG;rbs_motif=TTAA;rbs_spacer=15bp;gc_cont=0.530
#
# Program:         hmmsearch
# Version:         3.1b2 (February 2015)
# Pipeline mode:   SEARCH
# Query file:      /Users/2021jh002/Documents/github/baargin/work/fe/72195ed6e76fbec2ab5796f7c1d593/busco_downloads/lineages/enterobacterales_odb10/hmms/68569at91347.hmm
# Target file:     /Users/2021jh002/Documents/github/baargin/work/fe/72195ed6e76fbec2ab5796f7c1d593/busco_raw/prodigal_output/predicted_genes/predicted.faa
# Option settings: hmmsearch --domtblout /Users/2021jh002/Documents/github/baargin/work/fe/72195ed6e76fbec2ab5796f7c1d593/busco_raw/run_enterobacterales_odb10/hmmer_output/68569at91347.out --cpu 1 /Users/2021jh002/Documents/github/baargin/work/fe/72195ed6e76fbec2ab5796f7c1d593/busco_downloads/lineages/enterobacterales_odb10/hmms/68569at91347.hmm /Users/2021jh002/Documents/github/baargin/work/fe/72195ed6e76fbec2ab5796f7c1d593/busco_raw/prodigal_output/predicted_genes/predicted.faa 
# Current dir:     /Users/2021jh002/Documents/github/baargin/work/fe/72195ed6e76fbec2ab5796f7c1d593
# Date:            Wed Jul 19 14:12:34 2023
# [ok]
