#                                                                                          --- full sequence --- -------------- this domain -------------   hmm coord   ali coord   env coord
# target name                      accession   tlen query name           accession   qlen   E-value  score  bias   #  of  c-Evalue  i-Evalue  score  bias  from    to  from    to  from    to  acc description of target
#              ------------------- ---------- ----- -------------------- ---------- ----- --------- ------ ----- --- --- --------- --------- ------ ----- ----- ----- ----- ----- ----- ----- ---- ---------------------
NODE_402_length_400_cov_1.318885_1 -             85 75170at91347         -            163   1.5e-30  103.3   0.0   1   1   7.2e-34   1.8e-30  103.0   0.0     1    55    30    84    30    85 0.97 # 146 # 400 # 1 # ID=402_1;partial=01;start_type=GTG;rbs_motif=None;rbs_spacer=None;gc_cont=0.486
#
# Program:         hmmsearch
# Version:         3.1b2 (February 2015)
# Pipeline mode:   SEARCH
# Query file:      /Users/2021jh002/Documents/github/baargin/work/fe/72195ed6e76fbec2ab5796f7c1d593/busco_downloads/lineages/enterobacterales_odb10/hmms/75170at91347.hmm
# Target file:     /Users/2021jh002/Documents/github/baargin/work/fe/72195ed6e76fbec2ab5796f7c1d593/busco_raw/prodigal_output/predicted_genes/predicted.faa
# Option settings: hmmsearch --domtblout /Users/2021jh002/Documents/github/baargin/work/fe/72195ed6e76fbec2ab5796f7c1d593/busco_raw/run_enterobacterales_odb10/hmmer_output/75170at91347.out --cpu 1 /Users/2021jh002/Documents/github/baargin/work/fe/72195ed6e76fbec2ab5796f7c1d593/busco_downloads/lineages/enterobacterales_odb10/hmms/75170at91347.hmm /Users/2021jh002/Documents/github/baargin/work/fe/72195ed6e76fbec2ab5796f7c1d593/busco_raw/prodigal_output/predicted_genes/predicted.faa 
# Current dir:     /Users/2021jh002/Documents/github/baargin/work/fe/72195ed6e76fbec2ab5796f7c1d593
# Date:            Wed Jul 19 14:13:36 2023
# [ok]
